// Jest Snapshot v1, https://goo.gl/fbAQLP

exports[`snapshot 1`] = `
<DocumentFragment>
  <div
    class="css-1flnoh4"
  >
    <div
      class="css-1iyoj2o"
    >
      <div
        class="css-1g6u7np"
      />
      <div
        class="css-1g6u7np"
      />
      <div
        class="css-1g6u7np"
      />
      <div
        class="css-1g6u7np"
      />
      <div
        class="css-1g6u7np"
      />
    </div>
    <p
      class="css-1jtsvsh"
    >
      Next? Your company maybe
    </p>
  </div>
</DocumentFragment>
`;
